// Jest Snapshot v1, https://goo.gl/fbAQLP

exports[`link copier matches snapshot 1`] = `
<form
  className="sc-fzozJi blHhKY"
>
  <h3>
    Copy Shortly Link
  </h3>
  <input
    readOnly={true}
    value="https://short.ly/undefined"
  />
  <button
    className="sc-AxirZ dVJbcR"
    id="copy"
    onClick={[Function]}
    type="button"
  >
    Copy
  </button>
  <button
    className="sc-AxjAm kxpUMR"
    onClick={[Function]}
    type="button"
  >
    Close
  </button>
</form>
`;
