// Jest Snapshot v1, https://goo.gl/fbAQLP

exports[`link shortener matches snapshot 1`] = `
<div
  className="sc-fzqBZW llRiop"
  style={
    Object {
      "top": undefined,
    }
  }
>
  <form
    className="sc-fznyAO iCWzIZ"
    onSubmit={[Function]}
  >
    <label
      htmlFor="link"
      style={
        Object {
          "display": "none",
        }
      }
    >
      Website Url
    </label>
    <p
      className="sc-fzokOt vtVLC"
    />
    <input
      className="sc-fznKkj hKNoZk"
      data-testid="input"
      id="link"
      name="link"
      onChange={[Function]}
      onFocus={[Function]}
      required={true}
      value="Shorten a link here... "
    />
    <input
      className="sc-fznKkj sc-fznZeY kKkZPF"
      data-testid="button"
      disabled={false}
      type="submit"
      value="Shorten It!"
    />
  </form>
</div>
`;
