// Jest Snapshot v1, https://goo.gl/fbAQLP

exports[`login matches snapshot 1`] = `
<form
  className="sc-AxhUy dLXkxw"
  data-testid="login"
  noValidate={true}
  onSubmit={[Function]}
>
  <h3>
    Login
  </h3>
  <label
    className="sc-Axmtr fYuxyA"
  >
    Email
     
    <input
      className="sc-AxmLO erTjTr"
      id="email"
      name="email"
      onChange={[Function]}
      required={true}
      type="email"
      value="sarah@gmail.com"
    />
  </label>
  <label
    className="sc-Axmtr fYuxyA"
  >
    Password
     
    <input
      className="sc-AxmLO erTjTr"
      id="password"
      name="password"
      onChange={[Function]}
      required={true}
      type="password"
      value="123456"
    />
  </label>
  <button
    className="sc-AxirZ sc-AxheI cOblFm"
    type="submit"
  >
    Submit
  </button>
  <button
    className="sc-AxjAm sc-AxgMl bwgmuq"
    type="button"
  >
    Forgot password
  </button>
</form>
`;
