// Jest Snapshot v1, https://goo.gl/fbAQLP

exports[`logout matches snapshot 1`] = `
<form
  className="sc-AxhUy dLXkxw"
  data-testid="logout"
>
  <h3>
    Are you sure you want to logout?
  </h3>
  <button
    className="sc-AxirZ sc-AxheI cOblFm"
    onClick={[Function]}
  >
    Yes
  </button>
  <button
    className="sc-AxirZ sc-AxheI cOblFm"
  >
    <a
      href="/dashboard"
      onClick={[Function]}
    >
      No
    </a>
  </button>
</form>
`;
