// Jest Snapshot v1, https://goo.gl/fbAQLP

exports[`signup matches snapshot 1`] = `
<form
  className="sc-AxhUy jtTpBF"
  data-testid="signup"
  noValidate={true}
  onSubmit={[Function]}
>
  <h3>
    Sign Up
  </h3>
  <label
    className="sc-Axmtr KwGTg"
  >
    First Name 
    <input
      className="sc-AxmLO kxGjkT"
      id="firstName"
      name="firstName"
      onChange={[Function]}
      required={true}
      value="Harriet"
    />
  </label>
  <label
    className="sc-Axmtr KwGTg"
  >
    Last Name 
    <input
      className="sc-AxmLO kxGjkT"
      id="lastName"
      name="lastName"
      onChange={[Function]}
      required={true}
      value="Tripp"
    />
  </label>
  <label
    className="sc-Axmtr KwGTg"
  >
    Email 
    <input
      className="sc-AxmLO kxGjkT"
      id="email"
      name="email"
      onChange={[Function]}
      required={true}
      type="email"
      value="harriet-tripp@outlook.com"
    />
  </label>
  <label
    className="sc-Axmtr KwGTg"
  >
    Password 
    <input
      className="sc-AxmLO kxGjkT"
      id="password"
      name="password"
      onChange={[Function]}
      pattern="123456"
      required={true}
      type="password"
      value="123456"
    />
  </label>
  <label
    className="sc-Axmtr KwGTg"
  >
    Confirm your password 
    <input
      className="sc-AxmLO kxGjkT"
      id="password2"
      name="password2"
      onChange={[Function]}
      pattern="123456"
      required={true}
      type="password"
      value="123456"
    />
  </label>
  <button
    className="sc-AxirZ sc-AxheI emVeqi"
    type="submit"
  >
    Sign up
  </button>
</form>
`;
