// Jest Snapshot v1, https://goo.gl/fbAQLP

exports[`index links matches snapshot 1`] = `
<div
  className="sc-fznZeY jFENKA linkContainer"
>
  <div
    className="sc-fzokOt ebeuUt link"
    data-testid="link"
  >
    <div
      className="sc-fzqBZW kjqBei"
    >
      http://reactcommunity.org/react-transition-group/css-transition
    </div>
    <input
      className="sc-fzplWN bbpMZr shortLink"
      readOnly="readonly"
      value="https://short.ly/K1pjMCK-F"
    />
    <button
      className="sc-AxirZ sc-fznyAO cUiMDV linkcopybtn"
      onClick={[Function]}
    >
      Copy
    </button>
  </div>
  <div
    className="sc-fzokOt ebeuUt link"
    data-testid="link"
  >
    <div
      className="sc-fzqBZW kjqBei"
    >
      https://ba-grant.netlify.app/
    </div>
    <input
      className="sc-fzplWN bbpMZr shortLink"
      readOnly="readonly"
      value="https://short.ly/lsncCe5RV"
    />
    <button
      className="sc-AxirZ sc-fznyAO cUiMDV linkcopybtn"
      onClick={[Function]}
    >
      Copy
    </button>
  </div>
</div>
`;
